// Jest Snapshot v1, https://goo.gl/fbAQLP

exports[`Checkbox component Snapshot Checkbox 1`] = `
<body>
  <div>
    <label
      class="ant-checkbox-wrapper css-dev-only-do-not-override-j0nf2s"
    >
      <span
        class="ant-checkbox css-dev-only-do-not-override-j0nf2s"
      >
        <input
          aria-label="checkbox"
          class="ant-checkbox-input"
          type="checkbox"
          value=""
        />
        <span
          class="ant-checkbox-inner"
        />
      </span>
      <span>
        Coucou
      </span>
    </label>
  </div>
</body>
`;
