// Jest Snapshot v1, https://goo.gl/fbAQLP

exports[`Card component Snapshot card 1`] = `
<body>
  <div>
    <div
      class="ant-card ant-card-bordered ant-card-hoverable"
      style="width: 300px;"
    >
      <div
        class="ant-card-head"
      >
        <div
          class="ant-card-head-wrapper"
        >
          <div
            class="ant-card-head-title"
          >
            <div
              class="title-card"
            >
              <div
                class="title-container"
              >
                <h1>
                  Minerva McGonagall
                </h1>
              </div>
              <div
                class="container"
              >
                <div
                  class="tag-container"
                >
                  <span
                    class="ant-tag lesson"
                    role="tag"
                    type="lesson"
                  >
                    <span
                      aria-label="tags"
                      class="anticon anticon-tags"
                      role="img"
                    >
                      <svg
                        aria-hidden="true"
                        data-icon="tags"
                        fill="currentColor"
                        focusable="false"
                        height="1em"
                        viewBox="64 64 896 896"
                        width="1em"
                      >
                        <path
                          d="M483.2 790.3L861.4 412c1.7-1.7 2.5-4 2.3-6.3l-25.5-301.4c-.7-7.8-6.8-13.9-14.6-14.6L522.2 64.3c-2.3-.2-4.7.6-6.3 2.3L137.7 444.8a8.03 8.03 0 000 11.3l334.2 334.2c3.1 3.2 8.2 3.2 11.3 0zm62.6-651.7l224.6 19 19 224.6L477.5 694 233.9 450.5l311.9-311.9zm60.16 186.23a48 48 0 1067.88-67.89 48 48 0 10-67.88 67.89zM889.7 539.8l-39.6-39.5a8.03 8.03 0 00-11.3 0l-362 361.3-237.6-237a8.03 8.03 0 00-11.3 0l-39.6 39.5a8.03 8.03 0 000 11.3l243.2 242.8 39.6 39.5c3.1 3.1 8.2 3.1 11.3 0l407.3-406.6c3.1-3.1 3.1-8.2 0-11.3z"
                        />
                      </svg>
                    </span>
                    <span>
                      Métamorphose
                    </span>
                  </span>
                  <span
                    class="ant-tag lesson"
                    role="tag"
                    type="lesson"
                  >
                    <span
                      aria-label="tags"
                      class="anticon anticon-tags"
                      role="img"
                    >
                      <svg
                        aria-hidden="true"
                        data-icon="tags"
                        fill="currentColor"
                        focusable="false"
                        height="1em"
                        viewBox="64 64 896 896"
                        width="1em"
                      >
                        <path
                          d="M483.2 790.3L861.4 412c1.7-1.7 2.5-4 2.3-6.3l-25.5-301.4c-.7-7.8-6.8-13.9-14.6-14.6L522.2 64.3c-2.3-.2-4.7.6-6.3 2.3L137.7 444.8a8.03 8.03 0 000 11.3l334.2 334.2c3.1 3.2 8.2 3.2 11.3 0zm62.6-651.7l224.6 19 19 224.6L477.5 694 233.9 450.5l311.9-311.9zm60.16 186.23a48 48 0 1067.88-67.89 48 48 0 10-67.88 67.89zM889.7 539.8l-39.6-39.5a8.03 8.03 0 00-11.3 0l-362 361.3-237.6-237a8.03 8.03 0 00-11.3 0l-39.6 39.5a8.03 8.03 0 000 11.3l243.2 242.8 39.6 39.5c3.1 3.1 8.2 3.1 11.3 0l407.3-406.6c3.1-3.1 3.1-8.2 0-11.3z"
                        />
                      </svg>
                    </span>
                    <span>
                      Ancient Runes
                    </span>
                  </span>
                  <span
                    class="ant-tag lesson"
                    role="tag"
                    type="lesson"
                  >
                    <span
                      aria-label="tags"
                      class="anticon anticon-tags"
                      role="img"
                    >
                      <svg
                        aria-hidden="true"
                        data-icon="tags"
                        fill="currentColor"
                        focusable="false"
                        height="1em"
                        viewBox="64 64 896 896"
                        width="1em"
                      >
                        <path
                          d="M483.2 790.3L861.4 412c1.7-1.7 2.5-4 2.3-6.3l-25.5-301.4c-.7-7.8-6.8-13.9-14.6-14.6L522.2 64.3c-2.3-.2-4.7.6-6.3 2.3L137.7 444.8a8.03 8.03 0 000 11.3l334.2 334.2c3.1 3.2 8.2 3.2 11.3 0zm62.6-651.7l224.6 19 19 224.6L477.5 694 233.9 450.5l311.9-311.9zm60.16 186.23a48 48 0 1067.88-67.89 48 48 0 10-67.88 67.89zM889.7 539.8l-39.6-39.5a8.03 8.03 0 00-11.3 0l-362 361.3-237.6-237a8.03 8.03 0 00-11.3 0l-39.6 39.5a8.03 8.03 0 000 11.3l243.2 242.8 39.6 39.5c3.1 3.1 8.2 3.1 11.3 0l407.3-406.6c3.1-3.1 3.1-8.2 0-11.3z"
                        />
                      </svg>
                    </span>
                    <span>
                      Arithmancy
                    </span>
                  </span>
                </div>
              </div>
            </div>
          </div>
        </div>
      </div>
      <div
        class="ant-card-cover"
      >
        <img
          src="https://avatars.bugsyaya.dev/285/"
        />
      </div>
      <div
        class="ant-card-body"
      />
      <ul
        class="ant-card-actions"
      >
        <li
          style="width: 33.333333333333336%;"
        >
          <span>
            <span
              aria-label="download"
              class="anticon anticon-download"
              id="download"
              role="img"
            >
              <svg
                aria-hidden="true"
                data-icon="download"
                fill="currentColor"
                focusable="false"
                height="1em"
                viewBox="64 64 896 896"
                width="1em"
              >
                <path
                  d="M505.7 661a8 8 0 0012.6 0l112-141.7c4.1-5.2.4-12.9-6.3-12.9h-74.1V168c0-4.4-3.6-8-8-8h-60c-4.4 0-8 3.6-8 8v338.3H400c-6.7 0-10.4 7.7-6.3 12.9l112 141.8zM878 626h-60c-4.4 0-8 3.6-8 8v154H214V634c0-4.4-3.6-8-8-8h-60c-4.4 0-8 3.6-8 8v198c0 17.7 14.3 32 32 32h684c17.7 0 32-14.3 32-32V634c0-4.4-3.6-8-8-8z"
                />
              </svg>
            </span>
          </span>
        </li>
        <li
          style="width: 33.333333333333336%;"
        >
          <span>
            <span
              aria-label="cloud-upload"
              class="anticon anticon-cloud-upload"
              id="cloud"
              role="img"
            >
              <svg
                aria-hidden="true"
                data-icon="cloud-upload"
                fill="currentColor"
                focusable="false"
                height="1em"
                viewBox="64 64 896 896"
                width="1em"
              >
                <path
                  d="M518.3 459a8 8 0 00-12.6 0l-112 141.7a7.98 7.98 0 006.3 12.9h73.9V856c0 4.4 3.6 8 8 8h60c4.4 0 8-3.6 8-8V613.7H624c6.7 0 10.4-7.7 6.3-12.9L518.3 459z"
                />
                <path
                  d="M811.4 366.7C765.6 245.9 648.9 160 512.2 160S258.8 245.8 213 366.6C127.3 389.1 64 467.2 64 560c0 110.5 89.5 200 199.9 200H304c4.4 0 8-3.6 8-8v-60c0-4.4-3.6-8-8-8h-40.1c-33.7 0-65.4-13.4-89-37.7-23.5-24.2-36-56.8-34.9-90.6.9-26.4 9.9-51.2 26.2-72.1 16.7-21.3 40.1-36.8 66.1-43.7l37.9-9.9 13.9-36.6c8.6-22.8 20.6-44.1 35.7-63.4a245.6 245.6 0 0152.4-49.9c41.1-28.9 89.5-44.2 140-44.2s98.9 15.3 140 44.2c19.9 14 37.5 30.8 52.4 49.9 15.1 19.3 27.1 40.7 35.7 63.4l13.8 36.5 37.8 10C846.1 454.5 884 503.8 884 560c0 33.1-12.9 64.3-36.3 87.7a123.07 123.07 0 01-87.6 36.3H720c-4.4 0-8 3.6-8 8v60c0 4.4 3.6 8 8 8h40.1C870.5 760 960 670.5 960 560c0-92.7-63.1-170.7-148.6-193.3z"
                />
              </svg>
            </span>
          </span>
        </li>
        <li
          style="width: 33.333333333333336%;"
        >
          <span>
            <span
              aria-label="delete"
              class="anticon anticon-delete"
              id="delete"
              role="img"
            >
              <svg
                aria-hidden="true"
                data-icon="delete"
                fill="currentColor"
                focusable="false"
                height="1em"
                viewBox="64 64 896 896"
                width="1em"
              >
                <path
                  d="M360 184h-8c4.4 0 8-3.6 8-8v8h304v-8c0 4.4 3.6 8 8 8h-8v72h72v-80c0-35.3-28.7-64-64-64H352c-35.3 0-64 28.7-64 64v80h72v-72zm504 72H160c-17.7 0-32 14.3-32 32v32c0 4.4 3.6 8 8 8h60.4l24.7 523c1.6 34.1 29.8 61 63.9 61h454c34.2 0 62.3-26.8 63.9-61l24.7-523H888c4.4 0 8-3.6 8-8v-32c0-17.7-14.3-32-32-32zM731.3 840H292.7l-24.2-512h487l-24.2 512z"
                />
              </svg>
            </span>
          </span>
        </li>
      </ul>
    </div>
  </div>
</body>
`;
