// Jest Snapshot v1, https://goo.gl/fbAQLP

exports[`Card component Snapshot card 1`] = `
<body>
  <div>
    <div
      class="ant-card ant-card-bordered ant-card-hoverable ant-card-default ant-card-type-lesson"
      cloudtitle="Envoyer"
      deletetitle="Supprimer"
      downloadtitle="Télécharger"
      icon="[object Object]"
      src="https://avatars.bugsyaya.dev/285/"
      tags="Métamorphose,Ancient Runes,Arithmancy"
    >
      <div
        class="ant-card-head"
      >
        <div
          class="ant-card-head-wrapper"
        >
          <div
            class="ant-card-head-title"
          >
            Minerva McGonagall
          </div>
        </div>
      </div>
      <div
        class="ant-card-body"
      />
    </div>
  </div>
</body>
`;
