// Jest Snapshot v1, https://goo.gl/fbAQLP

exports[`Button component Snapshot button 1`] = `
<body>
  <div>
    <div
      class="storybook-button"
    >
      <button
        class="ant-btn ant-btn-default"
        label="test"
        type="button"
      >
        <span>
          LOGIN
        </span>
      </button>
    </div>
  </div>
</body>
`;
