// Jest Snapshot v1, https://goo.gl/fbAQLP

exports[`Spin component Snapshot spin 1`] = `
<body>
  <div>
    <div
      aria-busy="true"
      aria-live="polite"
      class="ant-spin ant-spin-spinning css-dev-only-do-not-override-1km3mtt"
    >
      <span
        class="ant-spin-dot ant-spin-dot-spin"
      >
        <i
          class="ant-spin-dot-item"
        />
        <i
          class="ant-spin-dot-item"
        />
        <i
          class="ant-spin-dot-item"
        />
        <i
          class="ant-spin-dot-item"
        />
      </span>
    </div>
  </div>
</body>
`;
